before result,block64_8x8,4096,4096,4096,10,903.225967,950.579542,640.723875,1130.260375,152.165
after result,block64_8x8,4096,4096,4096,10,144.095792,162.764083,93.686000,180.280416,953.803
before result,block64_32,4096,4096,4096,10,74.303433,67.007479,66.189084,113.780375,1849.699
after result,block64_32,4096,4096,4096,10,132.539612,131.751083,124.163916,151.848792,1036.965
before result,registers,4096,4096,4096,10,182.260033,182.083854,175.366833,193.195917,754.082
after result,registers,4096,4096,4096,10,182.925908,182.547375,178.675666,188.334416,751.337
after result,block64_32,4096,4096,4096,10,128.658888,128.212771,122.766083,138.068750,1068.243
before result,block64_32,4096,4096,4096,10,111.668663,128.067584,65.936667,139.542542,1230.775
after result,registers,4096,4096,4096,10,162.819692,180.928979,90.535500,188.230708,844.118
before result,registers,4096,4096,4096,10,160.323083,179.693375,89.835000,183.141625,857.262
after result,block64_8x8,4096,4096,4096,10,199.090338,197.076896,184.637667,221.918875,690.335
before result,block64_8x8,4096,4096,4096,10,1088.127775,1172.334354,614.150333,1304.149459,126.308
before result,registers,4096,4096,4096,10,124.819779,102.820167,89.437583,182.471750,1101.099
after result,registers,4096,4096,4096,10,90.109483,90.064042,89.410750,90.867000,1525.244
before result,block64_8x8,4096,4096,4096,10,581.357438,581.210083,576.795959,585.640084,236.410
after result,block64_8x8,4096,4096,4096,10,93.358863,93.426604,90.859167,95.606750,1472.158
before result,block64_32,4096,4096,4096,10,65.912108,65.850479,65.213000,66.758125,2085.185
after result,block64_32,4096,4096,4096,10,65.723075,65.517938,65.192209,66.659334,2091.183
| Kernel | Before ms | After ms | Speedup |
|---|---:|---:|---:|
| block64_8x8 | 903.226 | 144.096 | 6.27x |
| block64_32 | 74.303 | 128.659 | 0.58x |
| registers | 160.323 | 162.820 | 0.98x |

